 my content 
foo bar foo bar foo bar
foo bar foo bar foo bar
 my content 
